<?xml version="1.0" encoding="UTF-8" standalone="yes"?>
<Map>
    <MapTitle>Purple Destiny</MapTitle>
    <MapTitle>the beginning</MapTitle>
    <TilesetName>Planet</TilesetName>
    <Background>blue_desert.png</Background>
    <mapTiles>
        <MapTile x="0" y="5" index="2"/>
        <MapTile x="0" y="6" index="2"/>
        <MapTile x="0" y="7" index="2"/>
        <MapTile x="0" y="8" index="2"/>
        <MapTile x="0" y="9" index="2"/>
        <MapTile x="0" y="10" index="2"/>
        <MapTile x="1" y="5" index="2"/>
        <MapTile x="1" y="6" index="2"/>
        <MapTile x="1" y="7" index="2"/>
        <MapTile x="1" y="8" index="2"/>
        <MapTile x="1" y="9" index="2"/>
        <MapTile x="1" y="10" index="2"/>
        <MapTile x="2" y="5" index="2"/>
        <MapTile x="2" y="6" index="2"/>
        <MapTile x="2" y="7" index="2"/>
        <MapTile x="2" y="8" index="2"/>
        <MapTile x="2" y="9" index="2"/>
        <MapTile x="2" y="10" index="2"/>
        <MapTile x="3" y="5" index="2"/>
        <MapTile x="3" y="6" index="2"/>
        <MapTile x="3" y="7" index="2"/>
        <MapTile x="3" y="8" index="2"/>
        <MapTile x="3" y="9" index="2"/>
        <MapTile x="3" y="10" index="2"/>
        <MapTile x="4" y="5" index="2"/>
        <MapTile x="4" y="6" index="2"/>
        <MapTile x="4" y="7" index="2"/>
        <MapTile x="4" y="8" index="2"/>
        <MapTile x="4" y="9" index="2"/>
        <MapTile x="4" y="10" index="2"/>
        <MapTile x="5" y="5" index="2"/>
        <MapTile x="5" y="6" index="2"/>
        <MapTile x="5" y="7" index="2"/>
        <MapTile x="5" y="8" index="2"/>
        <MapTile x="5" y="9" index="2"/>
        <MapTile x="5" y="10" index="2"/>
        <MapTile x="6" y="5" index="2"/>
        <MapTile x="6" y="6" index="2"/>
        <MapTile x="6" y="7" index="2"/>
        <MapTile x="6" y="8" index="2"/>
        <MapTile x="6" y="9" index="2"/>
        <MapTile x="6" y="10" index="2"/>
        <MapTile x="7" y="5" index="2"/>
        <MapTile x="7" y="6" index="2"/>
        <MapTile x="7" y="7" index="2"/>
        <MapTile x="7" y="8" index="2"/>
        <MapTile x="7" y="9" index="2"/>
        <MapTile x="7" y="10" index="2"/>
        <MapTile x="8" y="5" index="2"/>
        <MapTile x="8" y="6" index="2"/>
        <MapTile x="8" y="7" index="2"/>
        <MapTile x="8" y="8" index="2"/>
        <MapTile x="8" y="9" index="2"/>
        <MapTile x="8" y="10" index="2"/>
        <MapTile x="9" y="5" index="2"/>
        <MapTile x="9" y="6" index="2"/>
        <MapTile x="9" y="7" index="2"/>
        <MapTile x="9" y="8" index="2"/>
        <MapTile x="9" y="9" index="2"/>
        <MapTile x="9" y="10" index="2"/>
        <MapTile x="10" y="5" index="2"/>
        <MapTile x="10" y="6" index="2"/>
        <MapTile x="10" y="7" index="2"/>
        <MapTile x="10" y="8" index="2"/>
        <MapTile x="10" y="9" index="2"/>
        <MapTile x="10" y="10" index="2"/>
        <MapTile x="11" y="5" index="2"/>
        <MapTile x="11" y="6" index="2"/>
        <MapTile x="11" y="7" index="2"/>
        <MapTile x="11" y="8" index="2"/>
        <MapTile x="11" y="9" index="2"/>
        <MapTile x="11" y="10" index="2"/>
        <MapTile x="12" y="5" index="2"/>
        <MapTile x="12" y="6" index="2"/>
        <MapTile x="12" y="7" index="2"/>
        <MapTile x="12" y="8" index="2"/>
        <MapTile x="12" y="9" index="2"/>
        <MapTile x="12" y="10" index="2"/>
        <MapTile x="13" y="5" index="2"/>
        <MapTile x="13" y="6" index="2"/>
        <MapTile x="13" y="7" index="2"/>
        <MapTile x="13" y="8" index="2"/>
        <MapTile x="13" y="9" index="2"/>
        <MapTile x="13" y="10" index="2"/>
        <MapTile x="14" y="5" index="2"/>
        <MapTile x="14" y="6" index="2"/>
        <MapTile x="14" y="7" index="2"/>
        <MapTile x="14" y="8" index="2"/>
        <MapTile x="14" y="9" index="2"/>
        <MapTile x="14" y="10" index="2"/>
        <MapTile x="15" y="5" index="2"/>
        <MapTile x="15" y="6" index="2"/>
        <MapTile x="15" y="7" index="2"/>
        <MapTile x="15" y="8" index="2"/>
        <MapTile x="15" y="9" index="2"/>
        <MapTile x="15" y="10" index="2"/>
        <MapTile x="16" y="5" index="2"/>
        <MapTile x="16" y="6" index="2"/>
        <MapTile x="16" y="7" index="2"/>
        <MapTile x="16" y="8" index="2"/>
        <MapTile x="16" y="9" index="2"/>
        <MapTile x="16" y="10" index="2"/>
        <MapTile x="17" y="5" index="2"/>
        <MapTile x="17" y="6" index="2"/>
        <MapTile x="17" y="7" index="2"/>
        <MapTile x="17" y="8" index="2"/>
        <MapTile x="17" y="9" index="2"/>
        <MapTile x="17" y="10" index="2"/>
        <MapTile x="18" y="5" index="2"/>
        <MapTile x="18" y="6" index="2"/>
        <MapTile x="18" y="7" index="2"/>
        <MapTile x="18" y="8" index="2"/>
        <MapTile x="18" y="9" index="2"/>
        <MapTile x="18" y="10" index="2"/>
        <MapTile x="19" y="5" index="2"/>
        <MapTile x="19" y="6" index="2"/>
        <MapTile x="19" y="7" index="2"/>
        <MapTile x="19" y="8" index="2"/>
        <MapTile x="19" y="9" index="2"/>
        <MapTile x="19" y="10" index="2"/>
        <MapTile x="20" y="5" index="2"/>
        <MapTile x="20" y="6" index="2"/>
        <MapTile x="20" y="7" index="2"/>
        <MapTile x="20" y="8" index="2"/>
        <MapTile x="20" y="9" index="2"/>
        <MapTile x="20" y="10" index="2"/>
        <MapTile x="21" y="5" index="2"/>
        <MapTile x="21" y="6" index="2"/>
        <MapTile x="21" y="7" index="2"/>
        <MapTile x="21" y="8" index="2"/>
        <MapTile x="21" y="9" index="2"/>
        <MapTile x="21" y="10" index="2"/>
        <MapTile x="22" y="5" index="2"/>
        <MapTile x="22" y="6" index="2"/>
        <MapTile x="22" y="7" index="2"/>
        <MapTile x="22" y="8" index="2"/>
        <MapTile x="22" y="9" index="2"/>
        <MapTile x="22" y="10" index="2"/>
        <MapTile x="23" y="5" index="2"/>
        <MapTile x="23" y="6" index="2"/>
        <MapTile x="23" y="7" index="2"/>
        <MapTile x="23" y="8" index="2"/>
        <MapTile x="23" y="9" index="2"/>
        <MapTile x="23" y="10" index="2"/>
        <MapTile x="24" y="5" index="2"/>
        <MapTile x="24" y="6" index="2"/>
        <MapTile x="24" y="7" index="2"/>
        <MapTile x="24" y="8" index="2"/>
        <MapTile x="24" y="9" index="2"/>
        <MapTile x="24" y="10" index="2"/>
        <MapTile x="25" y="5" index="2"/>
        <MapTile x="25" y="6" index="2"/>
        <MapTile x="25" y="7" index="2"/>
        <MapTile x="25" y="8" index="2"/>
        <MapTile x="25" y="9" index="2"/>
        <MapTile x="25" y="10" index="2"/>
        <MapTile x="26" y="5" index="2"/>
        <MapTile x="26" y="6" index="2"/>
        <MapTile x="26" y="7" index="2"/>
        <MapTile x="26" y="8" index="2"/>
        <MapTile x="26" y="9" index="2"/>
        <MapTile x="26" y="10" index="2"/>
        <MapTile x="27" y="5" index="2"/>
        <MapTile x="27" y="6" index="2"/>
        <MapTile x="27" y="7" index="2"/>
        <MapTile x="27" y="8" index="2"/>
        <MapTile x="27" y="9" index="2"/>
        <MapTile x="27" y="10" index="2"/>
        <MapTile x="28" y="5" index="2"/>
        <MapTile x="28" y="6" index="2"/>
        <MapTile x="28" y="7" index="2"/>
        <MapTile x="28" y="8" index="2"/>
        <MapTile x="28" y="9" index="2"/>
        <MapTile x="28" y="10" index="2"/>
        <MapTile x="29" y="5" index="2"/>
        <MapTile x="29" y="6" index="2"/>
        <MapTile x="29" y="7" index="2"/>
        <MapTile x="29" y="8" index="2"/>
        <MapTile x="29" y="9" index="2"/>
        <MapTile x="29" y="10" index="2"/>
        <MapTile x="30" y="5" index="2"/>
        <MapTile x="30" y="6" index="2"/>
        <MapTile x="30" y="7" index="2"/>
        <MapTile x="30" y="8" index="2"/>
        <MapTile x="30" y="9" index="2"/>
        <MapTile x="30" y="10" index="2"/>
        <MapTile x="31" y="5" index="2"/>
        <MapTile x="31" y="6" index="2"/>
        <MapTile x="31" y="7" index="2"/>
        <MapTile x="31" y="8" index="2"/>
        <MapTile x="31" y="9" index="2"/>
        <MapTile x="31" y="10" index="2"/>
        <MapTile x="32" y="5" index="2"/>
        <MapTile x="32" y="6" index="2"/>
        <MapTile x="32" y="7" index="2"/>
        <MapTile x="32" y="8" index="2"/>
        <MapTile x="32" y="9" index="2"/>
        <MapTile x="32" y="10" index="2"/>
        <MapTile x="33" y="5" index="2"/>
        <MapTile x="33" y="6" index="2"/>
        <MapTile x="33" y="7" index="2"/>
        <MapTile x="33" y="8" index="2"/>
        <MapTile x="33" y="9" index="2"/>
        <MapTile x="33" y="10" index="2"/>
        <MapTile x="34" y="5" index="2"/>
        <MapTile x="34" y="6" index="2"/>
        <MapTile x="34" y="7" index="2"/>
        <MapTile x="34" y="8" index="2"/>
        <MapTile x="34" y="9" index="2"/>
        <MapTile x="34" y="10" index="2"/>
        <MapTile x="35" y="5" index="2"/>
        <MapTile x="35" y="6" index="2"/>
        <MapTile x="35" y="7" index="2"/>
        <MapTile x="35" y="8" index="2"/>
        <MapTile x="35" y="9" index="2"/>
        <MapTile x="35" y="10" index="2"/>
        <MapTile x="36" y="5" index="2"/>
        <MapTile x="36" y="6" index="2"/>
        <MapTile x="36" y="7" index="2"/>
        <MapTile x="36" y="8" index="2"/>
        <MapTile x="36" y="9" index="2"/>
        <MapTile x="36" y="10" index="2"/>
        <MapTile x="37" y="5" index="2"/>
        <MapTile x="37" y="6" index="2"/>
        <MapTile x="37" y="7" index="2"/>
        <MapTile x="37" y="8" index="2"/>
        <MapTile x="37" y="9" index="2"/>
        <MapTile x="37" y="10" index="2"/>
        <MapTile x="38" y="5" index="2"/>
        <MapTile x="38" y="6" index="2"/>
        <MapTile x="38" y="7" index="2"/>
        <MapTile x="38" y="8" index="2"/>
        <MapTile x="38" y="9" index="2"/>
        <MapTile x="38" y="10" index="2"/>
        <MapTile x="39" y="5" index="2"/>
        <MapTile x="39" y="6" index="2"/>
        <MapTile x="39" y="7" index="2"/>
        <MapTile x="39" y="8" index="2"/>
        <MapTile x="39" y="9" index="2"/>
        <MapTile x="39" y="10" index="2"/>
        <MapTile x="40" y="5" index="2"/>
        <MapTile x="40" y="6" index="2"/>
        <MapTile x="40" y="7" index="2"/>
        <MapTile x="40" y="8" index="2"/>
        <MapTile x="40" y="9" index="2"/>
        <MapTile x="40" y="10" index="2"/>
        <MapTile x="41" y="5" index="2"/>
        <MapTile x="41" y="6" index="2"/>
        <MapTile x="41" y="7" index="2"/>
        <MapTile x="41" y="8" index="2"/>
        <MapTile x="41" y="9" index="2"/>
        <MapTile x="41" y="10" index="2"/>
        <MapTile x="42" y="5" index="2"/>
        <MapTile x="42" y="6" index="2"/>
        <MapTile x="42" y="7" index="2"/>
        <MapTile x="42" y="8" index="2"/>
        <MapTile x="42" y="9" index="2"/>
        <MapTile x="42" y="10" index="2"/>
        <MapTile x="43" y="5" index="2"/>
        <MapTile x="43" y="6" index="2"/>
        <MapTile x="43" y="7" index="2"/>
        <MapTile x="43" y="8" index="2"/>
        <MapTile x="43" y="9" index="2"/>
        <MapTile x="43" y="10" index="2"/>
        <MapTile x="44" y="5" index="2"/>
        <MapTile x="44" y="6" index="2"/>
        <MapTile x="44" y="7" index="2"/>
        <MapTile x="44" y="8" index="2"/>
        <MapTile x="44" y="9" index="2"/>
        <MapTile x="44" y="10" index="2"/>
        <MapTile x="45" y="5" index="2"/>
        <MapTile x="45" y="6" index="2"/>
        <MapTile x="45" y="7" index="2"/>
        <MapTile x="45" y="8" index="2"/>
        <MapTile x="45" y="9" index="2"/>
        <MapTile x="45" y="10" index="2"/>
        <MapTile x="46" y="5" index="2"/>
        <MapTile x="46" y="6" index="2"/>
        <MapTile x="46" y="7" index="2"/>
        <MapTile x="46" y="8" index="2"/>
        <MapTile x="46" y="9" index="2"/>
        <MapTile x="46" y="10" index="2"/>
        <MapTile x="47" y="5" index="2"/>
        <MapTile x="47" y="6" index="2"/>
        <MapTile x="47" y="7" index="2"/>
        <MapTile x="47" y="8" index="2"/>
        <MapTile x="47" y="9" index="2"/>
        <MapTile x="47" y="10" index="2"/>
        <MapTile x="48" y="5" index="2"/>
        <MapTile x="48" y="6" index="2"/>
        <MapTile x="48" y="7" index="2"/>
        <MapTile x="48" y="8" index="2"/>
        <MapTile x="48" y="9" index="2"/>
        <MapTile x="48" y="10" index="2"/>
        <MapTile x="49" y="5" index="2"/>
        <MapTile x="49" y="6" index="2"/>
        <MapTile x="49" y="7" index="2"/>
        <MapTile x="49" y="8" index="2"/>
        <MapTile x="49" y="9" index="2"/>
        <MapTile x="49" y="10" index="2"/>
        <MapTile x="50" y="5" index="2"/>
        <MapTile x="50" y="6" index="2"/>
        <MapTile x="50" y="7" index="2"/>
        <MapTile x="50" y="8" index="2"/>
        <MapTile x="50" y="9" index="2"/>
        <MapTile x="50" y="10" index="2"/>
        <MapTile x="51" y="5" index="2"/>
        <MapTile x="51" y="6" index="2"/>
        <MapTile x="51" y="7" index="2"/>
        <MapTile x="51" y="8" index="2"/>
        <MapTile x="51" y="9" index="2"/>
        <MapTile x="51" y="10" index="2"/>
        <MapTile x="52" y="5" index="2"/>
        <MapTile x="52" y="6" index="2"/>
        <MapTile x="52" y="7" index="2"/>
        <MapTile x="52" y="8" index="2"/>
        <MapTile x="52" y="9" index="2"/>
        <MapTile x="52" y="10" index="2"/>
        <MapTile x="53" y="5" index="2"/>
        <MapTile x="53" y="6" index="2"/>
        <MapTile x="53" y="7" index="2"/>
        <MapTile x="53" y="8" index="2"/>
        <MapTile x="53" y="9" index="2"/>
        <MapTile x="53" y="10" index="2"/>
        <MapTile x="54" y="5" index="2"/>
        <MapTile x="54" y="6" index="2"/>
        <MapTile x="54" y="7" index="2"/>
        <MapTile x="54" y="8" index="2"/>
        <MapTile x="54" y="9" index="2"/>
        <MapTile x="54" y="10" index="2"/>
        <MapTile x="55" y="5" index="2"/>
        <MapTile x="55" y="6" index="2"/>
        <MapTile x="55" y="7" index="2"/>
        <MapTile x="55" y="8" index="2"/>
        <MapTile x="55" y="9" index="2"/>
        <MapTile x="55" y="10" index="2"/>
        <MapTile x="56" y="5" index="2"/>
        <MapTile x="56" y="6" index="2"/>
        <MapTile x="56" y="7" index="2"/>
        <MapTile x="56" y="8" index="2"/>
        <MapTile x="56" y="9" index="2"/>
        <MapTile x="56" y="10" index="2"/>
        <MapTile x="57" y="5" index="2"/>
        <MapTile x="57" y="6" index="2"/>
        <MapTile x="57" y="7" index="2"/>
        <MapTile x="57" y="8" index="2"/>
        <MapTile x="57" y="9" index="2"/>
        <MapTile x="57" y="10" index="2"/>
        <MapTile x="58" y="5" index="2"/>
        <MapTile x="58" y="6" index="2"/>
        <MapTile x="58" y="7" index="2"/>
        <MapTile x="58" y="8" index="2"/>
        <MapTile x="58" y="9" index="2"/>
        <MapTile x="58" y="10" index="2"/>
        <MapTile x="59" y="5" index="2"/>
        <MapTile x="59" y="6" index="2"/>
        <MapTile x="59" y="7" index="2"/>
        <MapTile x="59" y="8" index="2"/>
        <MapTile x="59" y="9" index="2"/>
        <MapTile x="59" y="10" index="2"/>
        <MapTile x="60" y="5" index="2"/>
        <MapTile x="60" y="6" index="2"/>
        <MapTile x="60" y="7" index="2"/>
        <MapTile x="60" y="8" index="2"/>
        <MapTile x="60" y="9" index="2"/>
        <MapTile x="60" y="10" index="2"/>
        <MapTile x="61" y="5" index="2"/>
        <MapTile x="61" y="6" index="2"/>
        <MapTile x="61" y="7" index="2"/>
        <MapTile x="61" y="8" index="2"/>
        <MapTile x="61" y="9" index="2"/>
        <MapTile x="61" y="10" index="2"/>
        <MapTile x="62" y="5" index="2"/>
        <MapTile x="62" y="6" index="2"/>
        <MapTile x="62" y="7" index="2"/>
        <MapTile x="62" y="8" index="2"/>
        <MapTile x="62" y="9" index="2"/>
        <MapTile x="62" y="10" index="2"/>
        <MapTile x="63" y="5" index="2"/>
        <MapTile x="63" y="6" index="2"/>
        <MapTile x="63" y="7" index="2"/>
        <MapTile x="63" y="8" index="2"/>
        <MapTile x="63" y="9" index="2"/>
        <MapTile x="63" y="10" index="2"/>
        <MapTile x="64" y="5" index="2"/>
        <MapTile x="64" y="6" index="2"/>
        <MapTile x="64" y="7" index="2"/>
        <MapTile x="64" y="8" index="2"/>
        <MapTile x="64" y="9" index="2"/>
        <MapTile x="64" y="10" index="2"/>
        <MapTile x="65" y="5" index="2"/>
        <MapTile x="65" y="6" index="2"/>
        <MapTile x="65" y="7" index="2"/>
        <MapTile x="65" y="8" index="2"/>
        <MapTile x="65" y="9" index="2"/>
        <MapTile x="65" y="10" index="2"/>
        <MapTile x="66" y="5" index="2"/>
        <MapTile x="66" y="6" index="2"/>
        <MapTile x="66" y="7" index="2"/>
        <MapTile x="66" y="8" index="2"/>
        <MapTile x="66" y="9" index="2"/>
        <MapTile x="66" y="10" index="2"/>
        <MapTile x="67" y="5" index="2"/>
        <MapTile x="67" y="6" index="2"/>
        <MapTile x="67" y="7" index="2"/>
        <MapTile x="67" y="8" index="2"/>
        <MapTile x="67" y="9" index="2"/>
        <MapTile x="67" y="10" index="2"/>
        <MapTile x="68" y="5" index="2"/>
        <MapTile x="68" y="6" index="2"/>
        <MapTile x="68" y="7" index="2"/>
        <MapTile x="68" y="8" index="2"/>
        <MapTile x="68" y="9" index="2"/>
        <MapTile x="68" y="10" index="2"/>
        <MapTile x="69" y="5" index="2"/>
        <MapTile x="69" y="6" index="2"/>
        <MapTile x="69" y="7" index="2"/>
        <MapTile x="69" y="8" index="2"/>
        <MapTile x="69" y="9" index="2"/>
        <MapTile x="69" y="10" index="2"/>
        <MapTile x="70" y="5" index="2"/>
        <MapTile x="70" y="6" index="2"/>
        <MapTile x="70" y="7" index="2"/>
        <MapTile x="70" y="8" index="2"/>
        <MapTile x="70" y="9" index="2"/>
        <MapTile x="70" y="10" index="2"/>
        <MapTile x="71" y="5" index="2"/>
        <MapTile x="71" y="6" index="2"/>
        <MapTile x="71" y="7" index="2"/>
        <MapTile x="71" y="8" index="2"/>
        <MapTile x="71" y="9" index="2"/>
        <MapTile x="71" y="10" index="2"/>
        <MapTile x="72" y="5" index="2"/>
        <MapTile x="72" y="6" index="2"/>
        <MapTile x="72" y="7" index="2"/>
        <MapTile x="72" y="8" index="2"/>
        <MapTile x="72" y="9" index="2"/>
        <MapTile x="72" y="10" index="2"/>
        <MapTile x="73" y="5" index="2"/>
        <MapTile x="73" y="6" index="2"/>
        <MapTile x="73" y="7" index="2"/>
        <MapTile x="73" y="8" index="2"/>
        <MapTile x="73" y="9" index="2"/>
        <MapTile x="73" y="10" index="2"/>
        <MapTile x="74" y="5" index="2"/>
        <MapTile x="74" y="6" index="2"/>
        <MapTile x="74" y="7" index="2"/>
        <MapTile x="74" y="8" index="2"/>
        <MapTile x="74" y="9" index="2"/>
        <MapTile x="74" y="10" index="2"/>
        <MapTile x="75" y="5" index="2"/>
        <MapTile x="75" y="6" index="2"/>
        <MapTile x="75" y="7" index="2"/>
        <MapTile x="75" y="8" index="2"/>
        <MapTile x="75" y="9" index="2"/>
        <MapTile x="75" y="10" index="2"/>
        <MapTile x="76" y="5" index="2"/>
        <MapTile x="76" y="6" index="2"/>
        <MapTile x="76" y="7" index="2"/>
        <MapTile x="76" y="8" index="2"/>
        <MapTile x="76" y="9" index="2"/>
        <MapTile x="76" y="10" index="2"/>
        <MapTile x="77" y="5" index="2"/>
        <MapTile x="77" y="6" index="2"/>
        <MapTile x="77" y="7" index="2"/>
        <MapTile x="77" y="8" index="2"/>
        <MapTile x="77" y="9" index="2"/>
        <MapTile x="77" y="10" index="2"/>
        <MapTile x="78" y="5" index="2"/>
        <MapTile x="78" y="6" index="2"/>
        <MapTile x="78" y="7" index="2"/>
        <MapTile x="78" y="8" index="2"/>
        <MapTile x="78" y="9" index="2"/>
        <MapTile x="78" y="10" index="2"/>
        <MapTile x="79" y="5" index="2"/>
        <MapTile x="79" y="6" index="2"/>
        <MapTile x="79" y="7" index="2"/>
        <MapTile x="79" y="8" index="2"/>
        <MapTile x="79" y="9" index="2"/>
        <MapTile x="79" y="10" index="2"/>
        <MapTile x="80" y="5" index="2"/>
        <MapTile x="80" y="6" index="2"/>
        <MapTile x="80" y="7" index="2"/>
        <MapTile x="80" y="8" index="2"/>
        <MapTile x="80" y="9" index="2"/>
        <MapTile x="80" y="10" index="2"/>
        <MapTile x="81" y="5" index="2"/>
        <MapTile x="81" y="6" index="2"/>
        <MapTile x="81" y="7" index="2"/>
        <MapTile x="81" y="8" index="2"/>
        <MapTile x="81" y="9" index="2"/>
        <MapTile x="81" y="10" index="2"/>
        <MapTile x="82" y="5" index="2"/>
        <MapTile x="82" y="6" index="2"/>
        <MapTile x="82" y="7" index="2"/>
        <MapTile x="82" y="8" index="2"/>
        <MapTile x="82" y="9" index="2"/>
        <MapTile x="82" y="10" index="2"/>
        <MapTile x="83" y="5" index="2"/>
        <MapTile x="83" y="6" index="2"/>
        <MapTile x="83" y="7" index="2"/>
        <MapTile x="83" y="8" index="2"/>
        <MapTile x="83" y="9" index="2"/>
        <MapTile x="83" y="10" index="2"/>
        <MapTile x="84" y="5" index="2"/>
        <MapTile x="84" y="6" index="2"/>
        <MapTile x="84" y="7" index="2"/>
        <MapTile x="84" y="8" index="2"/>
        <MapTile x="84" y="9" index="2"/>
        <MapTile x="84" y="10" index="2"/>
        <MapTile x="85" y="5" index="2"/>
        <MapTile x="85" y="6" index="2"/>
        <MapTile x="85" y="7" index="2"/>
        <MapTile x="85" y="8" index="2"/>
        <MapTile x="85" y="9" index="2"/>
        <MapTile x="85" y="10" index="2"/>
        <MapTile x="86" y="5" index="2"/>
        <MapTile x="86" y="6" index="2"/>
        <MapTile x="86" y="7" index="2"/>
        <MapTile x="86" y="8" index="2"/>
        <MapTile x="86" y="9" index="2"/>
        <MapTile x="86" y="10" index="2"/>
        <MapTile x="87" y="5" index="2"/>
        <MapTile x="87" y="6" index="2"/>
        <MapTile x="87" y="7" index="2"/>
        <MapTile x="87" y="8" index="2"/>
        <MapTile x="87" y="9" index="2"/>
        <MapTile x="87" y="10" index="2"/>
        <MapTile x="88" y="5" index="2"/>
        <MapTile x="88" y="6" index="2"/>
        <MapTile x="88" y="7" index="2"/>
        <MapTile x="88" y="8" index="2"/>
        <MapTile x="88" y="9" index="2"/>
        <MapTile x="88" y="10" index="2"/>
        <MapTile x="89" y="5" index="2"/>
        <MapTile x="89" y="6" index="2"/>
        <MapTile x="89" y="7" index="2"/>
        <MapTile x="89" y="8" index="2"/>
        <MapTile x="89" y="9" index="2"/>
        <MapTile x="89" y="10" index="2"/>
        <MapTile x="90" y="5" index="2"/>
        <MapTile x="90" y="6" index="2"/>
        <MapTile x="90" y="7" index="2"/>
        <MapTile x="90" y="8" index="2"/>
        <MapTile x="90" y="9" index="2"/>
        <MapTile x="90" y="10" index="2"/>
        <MapTile x="91" y="5" index="2"/>
        <MapTile x="91" y="6" index="2"/>
        <MapTile x="91" y="7" index="2"/>
        <MapTile x="91" y="8" index="2"/>
        <MapTile x="91" y="9" index="2"/>
        <MapTile x="91" y="10" index="2"/>
        <MapTile x="92" y="5" index="2"/>
        <MapTile x="92" y="6" index="2"/>
        <MapTile x="92" y="7" index="2"/>
        <MapTile x="92" y="8" index="2"/>
        <MapTile x="92" y="9" index="2"/>
        <MapTile x="92" y="10" index="2"/>
        <MapTile x="93" y="5" index="2"/>
        <MapTile x="93" y="6" index="2"/>
        <MapTile x="93" y="7" index="2"/>
        <MapTile x="93" y="8" index="2"/>
        <MapTile x="93" y="9" index="2"/>
        <MapTile x="93" y="10" index="2"/>
        <MapTile x="94" y="5" index="2"/>
        <MapTile x="94" y="6" index="2"/>
        <MapTile x="94" y="7" index="2"/>
        <MapTile x="94" y="8" index="2"/>
        <MapTile x="94" y="9" index="2"/>
        <MapTile x="94" y="10" index="2"/>
        <MapTile x="95" y="5" index="2"/>
        <MapTile x="95" y="6" index="2"/>
        <MapTile x="95" y="7" index="2"/>
        <MapTile x="95" y="8" index="2"/>
        <MapTile x="95" y="9" index="2"/>
        <MapTile x="95" y="10" index="2"/>
        <MapTile x="96" y="5" index="2"/>
        <MapTile x="96" y="6" index="2"/>
        <MapTile x="96" y="7" index="2"/>
        <MapTile x="96" y="8" index="2"/>
        <MapTile x="96" y="9" index="2"/>
        <MapTile x="96" y="10" index="2"/>
        <MapTile x="97" y="5" index="2"/>
        <MapTile x="97" y="6" index="2"/>
        <MapTile x="97" y="7" index="2"/>
        <MapTile x="97" y="8" index="2"/>
        <MapTile x="97" y="9" index="2"/>
        <MapTile x="97" y="10" index="2"/>
        <MapTile x="98" y="5" index="2"/>
        <MapTile x="98" y="6" index="2"/>
        <MapTile x="98" y="7" index="2"/>
        <MapTile x="98" y="8" index="2"/>
        <MapTile x="98" y="9" index="2"/>
        <MapTile x="98" y="10" index="2"/>
        <MapTile x="99" y="5" index="2"/>
        <MapTile x="99" y="6" index="2"/>
        <MapTile x="99" y="7" index="2"/>
        <MapTile x="99" y="8" index="2"/>
        <MapTile x="99" y="9" index="2"/>
        <MapTile x="99" y="10" index="2"/>
        <MapTile x="100" y="5" index="2"/>
        <MapTile x="100" y="6" index="2"/>
        <MapTile x="100" y="7" index="2"/>
        <MapTile x="100" y="8" index="2"/>
        <MapTile x="100" y="9" index="2"/>
        <MapTile x="100" y="10" index="2"/>
        <MapTile x="101" y="5" index="2"/>
        <MapTile x="101" y="6" index="2"/>
        <MapTile x="101" y="7" index="2"/>
        <MapTile x="101" y="8" index="2"/>
        <MapTile x="101" y="9" index="2"/>
        <MapTile x="101" y="10" index="2"/>
        <MapTile x="102" y="5" index="2"/>
        <MapTile x="102" y="6" index="2"/>
        <MapTile x="102" y="7" index="2"/>
        <MapTile x="102" y="8" index="2"/>
        <MapTile x="102" y="9" index="2"/>
        <MapTile x="102" y="10" index="2"/>
        <MapTile x="103" y="5" index="2"/>
        <MapTile x="103" y="6" index="2"/>
        <MapTile x="103" y="7" index="2"/>
        <MapTile x="103" y="8" index="2"/>
        <MapTile x="103" y="9" index="2"/>
        <MapTile x="103" y="10" index="2"/>
        <MapTile x="104" y="5" index="2"/>
        <MapTile x="104" y="6" index="2"/>
        <MapTile x="104" y="7" index="2"/>
        <MapTile x="104" y="8" index="2"/>
        <MapTile x="104" y="9" index="2"/>
        <MapTile x="104" y="10" index="2"/>
        <MapTile x="105" y="5" index="2"/>
        <MapTile x="105" y="6" index="2"/>
        <MapTile x="105" y="7" index="2"/>
        <MapTile x="105" y="8" index="2"/>
        <MapTile x="105" y="9" index="2"/>
        <MapTile x="105" y="10" index="2"/>
        <MapTile x="106" y="5" index="2"/>
        <MapTile x="106" y="6" index="2"/>
        <MapTile x="106" y="7" index="2"/>
        <MapTile x="106" y="8" index="2"/>
        <MapTile x="106" y="9" index="2"/>
        <MapTile x="106" y="10" index="2"/>
        <MapTile x="107" y="5" index="2"/>
        <MapTile x="107" y="6" index="2"/>
        <MapTile x="107" y="7" index="2"/>
        <MapTile x="107" y="8" index="2"/>
        <MapTile x="107" y="9" index="2"/>
        <MapTile x="107" y="10" index="2"/>
        <MapTile x="108" y="5" index="2"/>
        <MapTile x="108" y="6" index="2"/>
        <MapTile x="108" y="7" index="2"/>
        <MapTile x="108" y="8" index="2"/>
        <MapTile x="108" y="9" index="2"/>
        <MapTile x="108" y="10" index="2"/>
        <MapTile x="109" y="5" index="2"/>
        <MapTile x="109" y="6" index="2"/>
        <MapTile x="109" y="7" index="2"/>
        <MapTile x="109" y="8" index="2"/>
        <MapTile x="109" y="9" index="2"/>
        <MapTile x="109" y="10" index="2"/>
        <MapTile x="110" y="5" index="2"/>
        <MapTile x="110" y="6" index="2"/>
        <MapTile x="110" y="7" index="2"/>
        <MapTile x="110" y="8" index="2"/>
        <MapTile x="110" y="9" index="2"/>
        <MapTile x="110" y="10" index="2"/>
        <MapTile x="111" y="5" index="2"/>
        <MapTile x="111" y="6" index="2"/>
        <MapTile x="111" y="7" index="2"/>
        <MapTile x="111" y="8" index="2"/>
        <MapTile x="111" y="9" index="2"/>
        <MapTile x="111" y="10" index="2"/>
        <MapTile x="112" y="5" index="2"/>
        <MapTile x="112" y="6" index="2"/>
        <MapTile x="112" y="7" index="2"/>
        <MapTile x="112" y="8" index="2"/>
        <MapTile x="112" y="9" index="2"/>
        <MapTile x="112" y="10" index="2"/>
        <MapTile x="113" y="5" index="2"/>
        <MapTile x="113" y="6" index="2"/>
        <MapTile x="113" y="7" index="2"/>
        <MapTile x="113" y="8" index="2"/>
        <MapTile x="113" y="9" index="2"/>
        <MapTile x="113" y="10" index="2"/>
        <MapTile x="114" y="5" index="2"/>
        <MapTile x="114" y="6" index="2"/>
        <MapTile x="114" y="7" index="2"/>
        <MapTile x="114" y="8" index="2"/>
        <MapTile x="114" y="9" index="2"/>
        <MapTile x="114" y="10" index="2"/>
        <MapTile x="115" y="5" index="2"/>
        <MapTile x="115" y="6" index="2"/>
        <MapTile x="115" y="7" index="2"/>
        <MapTile x="115" y="8" index="2"/>
        <MapTile x="115" y="9" index="2"/>
        <MapTile x="115" y="10" index="2"/>
        <MapTile x="116" y="5" index="2"/>
        <MapTile x="116" y="6" index="2"/>
        <MapTile x="116" y="7" index="2"/>
        <MapTile x="116" y="8" index="2"/>
        <MapTile x="116" y="9" index="2"/>
        <MapTile x="116" y="10" index="2"/>
        <MapTile x="117" y="5" index="2"/>
        <MapTile x="117" y="6" index="2"/>
        <MapTile x="117" y="7" index="2"/>
        <MapTile x="117" y="8" index="2"/>
        <MapTile x="117" y="9" index="2"/>
        <MapTile x="117" y="10" index="2"/>
        <MapTile x="118" y="5" index="2"/>
        <MapTile x="118" y="6" index="2"/>
        <MapTile x="118" y="7" index="2"/>
        <MapTile x="118" y="8" index="2"/>
        <MapTile x="118" y="9" index="2"/>
        <MapTile x="118" y="10" index="2"/>
        <MapTile x="119" y="5" index="2"/>
        <MapTile x="119" y="6" index="2"/>
        <MapTile x="119" y="7" index="2"/>
        <MapTile x="119" y="8" index="2"/>
        <MapTile x="119" y="9" index="2"/>
        <MapTile x="119" y="10" index="2"/>
        <MapTile x="120" y="5" index="2"/>
        <MapTile x="120" y="6" index="2"/>
        <MapTile x="120" y="7" index="2"/>
        <MapTile x="120" y="8" index="2"/>
        <MapTile x="120" y="9" index="2"/>
        <MapTile x="120" y="10" index="2"/>
        <MapTile x="121" y="5" index="2"/>
        <MapTile x="121" y="6" index="2"/>
        <MapTile x="121" y="7" index="2"/>
        <MapTile x="121" y="8" index="2"/>
        <MapTile x="121" y="9" index="2"/>
        <MapTile x="121" y="10" index="2"/>
        <MapTile x="122" y="5" index="2"/>
        <MapTile x="122" y="6" index="2"/>
        <MapTile x="122" y="7" index="2"/>
        <MapTile x="122" y="8" index="2"/>
        <MapTile x="122" y="9" index="2"/>
        <MapTile x="122" y="10" index="2"/>
        <MapTile x="123" y="5" index="2"/>
        <MapTile x="123" y="6" index="2"/>
        <MapTile x="123" y="7" index="2"/>
        <MapTile x="123" y="8" index="2"/>
        <MapTile x="123" y="9" index="2"/>
        <MapTile x="123" y="10" index="2"/>
        <MapTile x="124" y="5" index="2"/>
        <MapTile x="124" y="6" index="2"/>
        <MapTile x="124" y="7" index="2"/>
        <MapTile x="124" y="8" index="2"/>
        <MapTile x="124" y="9" index="2"/>
        <MapTile x="124" y="10" index="2"/>
        <MapTile x="125" y="5" index="2"/>
        <MapTile x="125" y="6" index="2"/>
        <MapTile x="125" y="7" index="2"/>
        <MapTile x="125" y="8" index="2"/>
        <MapTile x="125" y="9" index="2"/>
        <MapTile x="125" y="10" index="2"/>
        <MapTile x="126" y="5" index="2"/>
        <MapTile x="126" y="6" index="2"/>
        <MapTile x="126" y="7" index="2"/>
        <MapTile x="126" y="8" index="2"/>
        <MapTile x="126" y="9" index="2"/>
        <MapTile x="126" y="10" index="2"/>
        <MapTile x="127" y="5" index="2"/>
        <MapTile x="127" y="6" index="2"/>
        <MapTile x="127" y="7" index="2"/>
        <MapTile x="127" y="8" index="2"/>
        <MapTile x="127" y="9" index="2"/>
        <MapTile x="127" y="10" index="2"/>
        <MapTile x="0" y="5" index="17"/>
        <MapTile x="1" y="5" index="17"/>
        <MapTile x="2" y="5" index="17"/>
        <MapTile x="3" y="5" index="17"/>
        <MapTile x="4" y="5" index="17"/>
        <MapTile x="5" y="5" index="17"/>
        <MapTile x="6" y="5" index="17"/>
        <MapTile x="7" y="5" index="17"/>
        <MapTile x="8" y="5" index="17"/>
        <MapTile x="9" y="5" index="17"/>
        <MapTile x="10" y="5" index="17"/>
        <MapTile x="11" y="5" index="17"/>
        <MapTile x="12" y="5" index="17"/>
        <MapTile x="13" y="5" index="17"/>
        <MapTile x="14" y="5" index="17"/>
        <MapTile x="15" y="5" index="17"/>
        <MapTile x="16" y="5" index="17"/>
        <MapTile x="17" y="5" index="17"/>
        <MapTile x="18" y="5" index="17"/>
        <MapTile x="19" y="5" index="17"/>
        <MapTile x="20" y="5" index="17"/>
        <MapTile x="21" y="5" index="17"/>
        <MapTile x="22" y="5" index="17"/>
        <MapTile x="23" y="5" index="17"/>
        <MapTile x="24" y="5" index="17"/>
        <MapTile x="25" y="5" index="17"/>
        <MapTile x="26" y="5" index="17"/>
        <MapTile x="27" y="5" index="17"/>
        <MapTile x="28" y="5" index="17"/>
        <MapTile x="29" y="5" index="17"/>
        <MapTile x="30" y="5" index="17"/>
        <MapTile x="31" y="5" index="17"/>
        <MapTile x="32" y="5" index="17"/>
        <MapTile x="33" y="5" index="17"/>
        <MapTile x="34" y="5" index="17"/>
        <MapTile x="35" y="5" index="17"/>
        <MapTile x="36" y="5" index="17"/>
        <MapTile x="37" y="5" index="17"/>
        <MapTile x="38" y="5" index="17"/>
        <MapTile x="39" y="5" index="17"/>
        <MapTile x="40" y="5" index="17"/>
        <MapTile x="41" y="5" index="17"/>
        <MapTile x="42" y="5" index="17"/>
        <MapTile x="43" y="5" index="17"/>
        <MapTile x="44" y="5" index="17"/>
        <MapTile x="45" y="5" index="17"/>
        <MapTile x="46" y="5" index="17"/>
        <MapTile x="47" y="5" index="17"/>
        <MapTile x="48" y="5" index="17"/>
        <MapTile x="49" y="5" index="17"/>
        <MapTile x="50" y="5" index="17"/>
        <MapTile x="51" y="5" index="17"/>
        <MapTile x="52" y="5" index="17"/>
        <MapTile x="53" y="5" index="17"/>
        <MapTile x="54" y="5" index="17"/>
        <MapTile x="55" y="5" index="17"/>
        <MapTile x="56" y="5" index="17"/>
        <MapTile x="57" y="5" index="17"/>
        <MapTile x="58" y="5" index="17"/>
        <MapTile x="59" y="5" index="17"/>
        <MapTile x="60" y="5" index="17"/>
        <MapTile x="61" y="5" index="17"/>
        <MapTile x="62" y="5" index="17"/>
        <MapTile x="63" y="5" index="17"/>
        <MapTile x="64" y="5" index="17"/>
        <MapTile x="65" y="5" index="17"/>
        <MapTile x="66" y="5" index="17"/>
        <MapTile x="67" y="5" index="17"/>
        <MapTile x="68" y="5" index="17"/>
        <MapTile x="69" y="5" index="17"/>
        <MapTile x="70" y="5" index="17"/>
        <MapTile x="71" y="5" index="17"/>
        <MapTile x="72" y="5" index="17"/>
        <MapTile x="73" y="5" index="17"/>
        <MapTile x="74" y="5" index="17"/>
        <MapTile x="75" y="5" index="17"/>
        <MapTile x="76" y="5" index="17"/>
        <MapTile x="77" y="5" index="17"/>
        <MapTile x="78" y="5" index="17"/>
        <MapTile x="79" y="5" index="17"/>
        <MapTile x="80" y="5" index="17"/>
        <MapTile x="81" y="5" index="17"/>
        <MapTile x="82" y="5" index="17"/>
        <MapTile x="83" y="5" index="17"/>
        <MapTile x="84" y="5" index="17"/>
        <MapTile x="85" y="5" index="17"/>
        <MapTile x="86" y="5" index="17"/>
        <MapTile x="87" y="5" index="17"/>
        <MapTile x="88" y="5" index="17"/>
        <MapTile x="89" y="5" index="17"/>
        <MapTile x="90" y="5" index="17"/>
        <MapTile x="91" y="5" index="17"/>
        <MapTile x="92" y="5" index="17"/>
        <MapTile x="93" y="5" index="17"/>
        <MapTile x="94" y="5" index="17"/>
        <MapTile x="95" y="5" index="17"/>
        <MapTile x="96" y="5" index="17"/>
        <MapTile x="97" y="5" index="17"/>
        <MapTile x="98" y="5" index="17"/>
        <MapTile x="99" y="5" index="17"/>
        <MapTile x="100" y="5" index="17"/>
        <MapTile x="101" y="5" index="17"/>
        <MapTile x="102" y="5" index="17"/>
        <MapTile x="103" y="5" index="17"/>
        <MapTile x="104" y="5" index="17"/>
        <MapTile x="105" y="5" index="17"/>
        <MapTile x="106" y="5" index="17"/>
        <MapTile x="107" y="5" index="17"/>
        <MapTile x="108" y="5" index="17"/>
        <MapTile x="109" y="5" index="17"/>
        <MapTile x="110" y="5" index="17"/>
        <MapTile x="111" y="5" index="17"/>
        <MapTile x="112" y="5" index="17"/>
        <MapTile x="113" y="5" index="17"/>
        <MapTile x="114" y="5" index="17"/>
        <MapTile x="115" y="5" index="17"/>
        <MapTile x="116" y="5" index="17"/>
        <MapTile x="117" y="5" index="17"/>
        <MapTile x="118" y="5" index="17"/>
        <MapTile x="119" y="5" index="17"/>
        <MapTile x="120" y="5" index="17"/>
        <MapTile x="121" y="5" index="17"/>
        <MapTile x="122" y="5" index="17"/>
        <MapTile x="123" y="5" index="17"/>
        <MapTile x="124" y="5" index="17"/>
        <MapTile x="125" y="5" index="17"/>
        <MapTile x="126" y="5" index="17"/>
        <MapTile x="127" y="5" index="17"/>
        <MapTile x="10" y="5" index="14"/>
        <MapTile x="11" y="5" index="0"/>
        <MapTile x="12" y="5" index="0"/>
        <MapTile x="13" y="5" index="0"/>
        <MapTile x="14" y="5" index="15"/>
        <MapTile x="15" y="5" index="1"/>
        <MapTile x="16" y="5" index="1"/>
        <MapTile x="17" y="5" index="14"/>
        <MapTile x="18" y="5" index="0"/>
        <MapTile x="19" y="5" index="15"/>
        <MapTile x="20" y="5" index="1"/>
        <MapTile x="21" y="5" index="1"/>
        <MapTile x="22" y="5" index="0"/>
        <MapTile x="23" y="5" index="0"/>
        <MapTile x="24" y="5" index="11"/>
        <MapTile x="25" y="5" index="12"/>
        <MapTile x="26" y="5" index="13"/>
        <MapTile x="27" y="5" index="0"/>
        <MapTile x="28" y="5" index="0"/>
        <MapTile x="29" y="5" index="15"/>
    </mapTiles>
    <mapWidth>128</mapWidth>
    <mapHeight>11</mapHeight>
    <MapBounds minX="0" minY="0" maxX="100" maxY="128"/>
    <playerSpawn x="8" y="4"/>
    <powerups>
        <powerups>
            <image>bubble.png</image>
            <width>0.5</width>
            <height>0.5</height>
            <x>10.5</x>
            <y>3.75</y>
        </powerups>
        <powerups>
            <image>bubble.png</image>
            <width>0.5</width>
            <height>0.5</height>
            <x>11.5</x>
            <y>3.75</y>
        </powerups>
        <powerups>
            <image>bubble.png</image>
            <width>0.5</width>
            <height>0.5</height>
            <x>12.5</x>
            <y>3.75</y>
        </powerups>
        <powerups>
            <image>bubble.png</image>
            <width>0.5</width>
            <height>0.5</height>
            <x>13.5</x>
            <y>3.75</y>
        </powerups>
        <powerups>
            <image>bubble.png</image>
            <width>0.5</width>
            <height>0.5</height>
            <x>14.5</x>
            <y>3.75</y>
        </powerups>
        <powerups>
            <image>bubble.png</image>
            <width>0.5</width>
            <height>0.5</height>
            <x>15.5</x>
            <y>3.75</y>
        </powerups>
        <powerups>
            <image>bubble.png</image>
            <width>0.5</width>
            <height>0.5</height>
            <x>16.5</x>
            <y>3.75</y>
        </powerups>
        <powerups>
            <image>bubble.png</image>
            <width>0.5</width>
            <height>0.5</height>
            <x>17.5</x>
            <y>3.75</y>
        </powerups>
        <powerups>
            <image>bubble.png</image>
            <width>0.5</width>
            <height>0.5</height>
            <x>18.5</x>
            <y>3.75</y>
        </powerups>
        <powerups>
            <image>bubble.png</image>
            <width>0.5</width>
            <height>0.5</height>
            <x>19.5</x>
            <y>3.75</y>
        </powerups>
        <powerups>
            <image>bubble.png</image>
            <width>0.5</width>
            <height>0.5</height>
            <x>20.5</x>
            <y>3.75</y>
        </powerups>
        <powerups>
            <image>bubble.png</image>
            <width>0.5</width>
            <height>0.5</height>
            <x>21.5</x>
            <y>3.75</y>
        </powerups>
        <powerups>
            <image>bubble.png</image>
            <width>0.5</width>
            <height>0.5</height>
            <x>22.5</x>
            <y>3.75</y>
        </powerups>
        <powerups>
            <image>bubble.png</image>
            <width>0.5</width>
            <height>0.5</height>
            <x>23.5</x>
            <y>3.75</y>
        </powerups>
        <powerups>
            <image>bubble.png</image>
            <width>0.5</width>
            <height>0.5</height>
            <x>24.5</x>
            <y>3.75</y>
        </powerups>
        <powerups>
            <image>bubble.png</image>
            <width>0.5</width>
            <height>0.5</height>
            <x>25.5</x>
            <y>3.75</y>
        </powerups>
        <powerups>
            <image>bubble.png</image>
            <width>0.5</width>
            <height>0.5</height>
            <x>26.5</x>
            <y>3.75</y>
        </powerups>
        <powerups>
            <image>bubble.png</image>
            <width>0.5</width>
            <height>0.5</height>
            <x>27.5</x>
            <y>3.75</y>
        </powerups>
        <powerups>
            <image>bubble.png</image>
            <width>0.5</width>
            <height>0.5</height>
            <x>28.5</x>
            <y>3.75</y>
        </powerups>
        <powerups>
            <image>bubble.png</image>
            <width>0.5</width>
            <height>0.5</height>
            <x>29.5</x>
            <y>3.75</y>
        </powerups>
    </powerups>
</Map>
